// Jest Snapshot v1, https://goo.gl/fbAQLP

exports[`catalog actions should reset search field 1`] = `
Object {
  "type": "RESET_SEARCH",
}
`;
