// Jest Snapshot v1, https://goo.gl/fbAQLP

exports[`reader actions should cancel request 1`] = `
Object {
  "type": "CANCEL_REQUEST",
}
`;
